Usage: punishment.byte [-n number] [-p paragraph] [-c configfile]
 I must not talk in class.
Options:
 -c configfile
    The name of an additional configuration file to read.
 -h Display available options.
 -n number
    The number of times our punishment must be printed.
 -p paragraph
    The paragraph we must copy as punishment.
