ccd
sysctl
hostid
zvol
dumpon
ddb
initrandom
geli
gbde
swap
fsck
root
atm1
hostid_save
mdconfig
mountcritlocal
zfs
var
cleanvar
FILESYSTEMS
serial
sppp
ipfilter
ipnat
ipfs
netif
netoptions
faith
ppp
stf
routing
ipfw
devd
defaultroute
routed
mrouted
route6d
mroute6d
resolv
bridge
static_arp
static_ndp
local_unbound
NETWORKING
ipsec
netwait
mountcritremote
gptboot
newsyslog
syslogd
hastd
archdep
abi
ldconfig
savecore
watchdogd
SERVERS
DAEMON
pflog
pfsync
pf
ftp-proxy
natd
utx
LOGIN
cron
devfs
bgfsck
kldxref
kld
msgs
ntpdate
rpcbind
ypserv
ypbind
ypset
keyserv
motd
ugidfw
mountlate
swaplate
random
postrandom
nscd
pwcheck
dmesg
ubthidhci
adjkerntz
lpd
hostname
sshd
nisdomain
powerd
apm
apmd
hostapd
ypupdated
ypxfrd
addswap
moused
nfsuserd
nfscbd
ipxrouted
othermta
virecover
tmp
cleartmp
power_profile
atm2
atm3
yppasswdd
nsswitch
iscsid
iscsictl
kfd
sdpd
rfcomm_pppd_server
mixer
rarpd
localpkg
ctld
mdconfig2
auditd
auditdistd
rtsold
local
ip6addrctl
bootparams
kerberos
kadmind
kpasswdd
dhclient
pppoed
accounting
sendmail
rtadvd
syscons
ftpd
rwho
nfsclient
amd
inetd
quota
mountd
gssd
nfsd
jail
geli2
rctl
wpa_supplicant
securelevel
statd
lockd
bsnmpd
hcsecd
ntpd
bluetooth
ipmon
timed
bthidd
